---
source: crates/sim/tests/snapshot.rs
expression: out
---
kill,rarity,base,ilvl,n_affixes,dps_estimate,affixes
0,Basic,pistol,40,0,48.00,
1,Basic,combat_boots,40,0,0.00,
2,Basic,rocket_launcher,40,0,40.00,
3,Basic,combat_helmet,40,0,0.00,
4,Rare,shotgun,40,3,36.00,T4_reduced_ranged_damage:0.06|T3_movement_speed:0.05|T4_crit_damage:0.29
5,Basic,combat_boots,40,0,0.00,
6,Rare,smg,40,3,50.00,T3_reduced_ranged_damage:0.11|T4_movement_speed:0.04|T4_crit_chance:0.16
7,Common,tactical_vest,40,2,0.00,T4_flat_life:39.35|T4_life_regen:0.94
8,Basic,shotgun,40,0,36.00,
9,Basic,pistol,40,0,48.00,
