---
source: crates/sim/tests/snapshot.rs
expression: out
---
=== head2box-sim summary ===
seed: 42  ilvl: 60  drops: 2000

Rarity        count      pct    avg_affixes
Basic          1213   60.65%           0.00
Common          557   27.85%           1.49
Rare            175    8.75%           3.58
Epic             51    2.55%           4.53
Legendary         4    0.20%           5.25

Base                    count      pct    avg_dps    avg_ttk    kit_dps    kit_ttk
combat_boots              274   13.70%       0.00          —          —          —
combat_helmet             289   14.45%       0.00          —          —          —
pistol                    276   13.80%      67.02      1.725      79.40      1.461
rocket_launcher           290   14.50%      62.57      2.006      81.57      1.547
shotgun                   282   14.10%      72.82      2.167     106.93      1.355
smg                       295   14.75%      97.74      1.560     127.89      1.202
tactical_vest             294   14.70%       0.00          —          —          —

TTK by rarity             Basic     Common       Rare       Epic  Legendary
pistol                   2.033s     1.394s     0.900s     0.601s     0.392s
rocket_launcher          2.439s     1.526s     0.919s     0.459s          —
shotgun                  2.710s     1.562s     0.931s     0.407s          —
smg                      1.951s     1.228s     0.661s     0.292s     0.254s

TTK by enemy          Swarm Rusher   Fast Zombie       Spitter  Basic Zombie    Fat Zombie  Patient Zero
pistol                      0.543s        1.190s        1.518s        1.725s        9.478s       90.423s
rocket_launcher             0.632s        1.384s        1.766s        2.006s        8.473s       66.907s
shotgun                     0.682s        1.495s        1.907s        2.167s        9.764s       81.458s
smg                         0.491s        1.077s        1.373s        1.560s       11.869s      131.223s

Affix                            tier    count   avg_roll  theoretical_range   fill_pct
crit_chance                      T1         10      0.529 [   0.45,    0.65]      39.4%
crit_chance                      T2         10      0.360 [   0.30,    0.45]      40.0%
crit_chance                      T3         28      0.249 [   0.20,    0.30]      49.1%
crit_chance                      T4         25      0.143 [   0.10,    0.20]      42.7%
crit_damage                      T1          3      0.817 [   0.65,    0.90]      66.8%
crit_damage                      T2         11      0.543 [   0.45,    0.65]      46.6%
crit_damage                      T3         29      0.379 [   0.30,    0.45]      52.6%
crit_damage                      T4         34      0.243 [   0.20,    0.30]      43.1%
fire_rate                        T1          6      0.202 [   0.17,    0.25]      39.6%
fire_rate                        T2         13      0.141 [   0.12,    0.17]      41.4%
fire_rate                        T3         26      0.103 [   0.08,    0.12]      56.6%
fire_rate                        T4         34      0.064 [   0.05,    0.08]      45.4%
flat_armor                       T1          2     74.603 [  60.00,  100.00]      36.5%
flat_armor                       T2         15     48.876 [  35.00,   60.00]      55.5%
flat_armor                       T3         37     27.697 [  20.00,   35.00]      51.3%
flat_armor                       T4         39     15.626 [  10.00,   20.00]      56.3%
flat_armor_piercing              T2         10     15.052 [  12.00,   18.00]      50.9%
flat_armor_piercing              T3         20     10.156 [   8.00,   12.00]      53.9%
flat_armor_piercing              T4         25      6.085 [   4.00,    8.00]      52.1%
flat_armor_piercing_heavy        T1          4    214.436 [ 180.00,  260.00]      43.0%
flat_armor_piercing_heavy        T2          4    137.165 [ 120.00,  180.00]      28.6%
flat_armor_piercing_heavy        T3         16    103.672 [  80.00,  120.00]      59.2%
flat_armor_piercing_heavy        T4         24     63.819 [  40.00,   80.00]      59.5%
flat_bullet_damage               T1          3     21.916 [  20.00,   30.00]      19.2%
flat_bullet_damage               T2          9     17.479 [  15.00,   20.00]      49.6%
flat_bullet_damage               T3         16     12.598 [  10.00,   15.00]      52.0%
flat_bullet_damage               T4         19      7.405 [   5.00,   10.00]      48.1%
flat_bullet_damage_heavy         T1          1    245.098 [ 200.00,  300.00]      45.1%
flat_bullet_damage_heavy         T2          9    180.123 [ 150.00,  200.00]      60.2%
flat_bullet_damage_heavy         T3         19    126.369 [ 100.00,  150.00]      52.7%
flat_bullet_damage_heavy         T4         20     76.850 [  50.00,  100.00]      53.7%
flat_evasion                     T1          4     86.108 [  60.00,  100.00]      65.3%
flat_evasion                     T2         10     47.331 [  35.00,   60.00]      49.3%
flat_evasion                     T3         32     26.892 [  20.00,   35.00]      45.9%
flat_evasion                     T4         51     15.534 [  10.00,   20.00]      55.3%
flat_explosive_damage            T1          1     27.964 [  14.00,   36.00]      63.5%
flat_explosive_damage            T2         12     18.061 [  10.00,   24.00]      57.6%
flat_explosive_damage            T3         14     10.718 [   6.00,   18.00]      39.3%
flat_explosive_damage            T4         24      7.646 [   3.00,   12.00]      51.6%
flat_explosive_damage_heavy      T1          3    212.748 [ 140.00,  360.00]      33.1%
flat_explosive_damage_heavy      T2          7    160.742 [ 100.00,  240.00]      43.4%
flat_explosive_damage_heavy      T3         15    131.668 [  60.00,  180.00]      59.7%
flat_explosive_damage_heavy      T4         15     79.142 [  30.00,  120.00]      54.6%
flat_incendiary_damage           T1          5     23.683 [  20.00,   30.00]      36.8%
flat_incendiary_damage           T2          7     17.617 [  15.00,   20.00]      52.3%
flat_incendiary_damage           T3         18     12.532 [  10.00,   15.00]      50.6%
flat_incendiary_damage           T4         15      6.975 [   5.00,   10.00]      39.5%
flat_incendiary_damage_heavy     T1          3    250.468 [ 200.00,  300.00]      50.5%
flat_incendiary_damage_heavy     T2          8    173.596 [ 150.00,  200.00]      47.2%
flat_incendiary_damage_heavy     T3         12    129.331 [ 100.00,  150.00]      58.7%
flat_incendiary_damage_heavy     T4         16     82.611 [  50.00,  100.00]      65.2%
flat_life                        T1          8     98.140 [  80.00,  110.00]      60.5%
flat_life                        T2          6     71.320 [  60.00,   80.00]      56.6%
flat_life                        T3         29     51.996 [  40.00,   60.00]      60.0%
flat_life                        T4         48     30.044 [  20.00,   40.00]      50.2%
flat_thorns                      T1          6     22.866 [  15.00,   25.00]      78.7%
flat_thorns                      T2         11     11.455 [   9.00,   15.00]      40.9%
flat_thorns                      T3         39      6.998 [   5.00,    9.00]      49.9%
flat_thorns                      T4         31      3.673 [   2.00,    5.00]      55.8%
increased_weapon_damage          T1          6      0.831 [   0.70,    1.00]      43.5%
increased_weapon_damage          T2         23      0.618 [   0.50,    0.70]      58.8%
increased_weapon_damage          T3         41      0.425 [   0.35,    0.50]      50.3%
increased_weapon_damage          T4         41      0.278 [   0.20,    0.35]      51.7%
life_regen                       T1          7      3.914 [   3.00,    5.00]      45.7%
life_regen                       T2         28      2.518 [   2.00,    3.00]      51.8%
life_regen                       T3         47      1.524 [   1.00,    2.00]      52.4%
life_regen                       T4         66      0.761 [   0.50,    1.00]      52.3%
movement_speed                   T1         10      0.164 [   0.12,    0.20]      55.1%
movement_speed                   T2         25      0.098 [   0.08,    0.12]      46.0%
movement_speed                   T3         52      0.065 [   0.05,    0.08]      50.7%
movement_speed                   T4         80      0.040 [   0.03,    0.05]      52.4%
reduced_melee_damage             T1          8      0.256 [   0.22,    0.30]      44.4%
reduced_melee_damage             T2         26      0.186 [   0.14,    0.22]      57.6%
reduced_melee_damage             T3         52      0.110 [   0.08,    0.14]      50.7%
reduced_melee_damage             T4         72      0.060 [   0.04,    0.08]      50.2%
reduced_ranged_damage            T1         10      0.243 [   0.22,    0.30]      28.9%
reduced_ranged_damage            T2         27      0.187 [   0.14,    0.22]      59.0%
reduced_ranged_damage            T3         53      0.111 [   0.08,    0.14]      51.6%
reduced_ranged_damage            T4         64      0.059 [   0.04,    0.08]      48.3%
