---
source: crates/procgen/tests/snapshot.rs
expression: map.render_ascii()
---
##############################
#....###....##################
#....###....####....##....####
#..@........####....##....####
#....###..................####
###.####....####....##....####
###.####....####....##########
###.#######.##################
#....######.##################
#....###......##....##########
#....###......##....##########
#....###............##########
#....###......##..........####
###.#####.######....#####.####
###.#####.######....##.......#
#....##....###########.......#
#....##....###########.......#
#....##....###########.......#
#....##....###########.......#
##############################
